******************************************************************************
             TMS320C2000 Linker PC v22.6.1                     
******************************************************************************
>> Linked Wed Dec  6 11:54:35 2023

OUTPUT FILE NAME:   <BlinkLED.out>
ENTRY POINT SYMBOL: "_c_int00"  address: 00082783


MEMORY CONFIGURATION

         name            origin    length      used     unused   attr    fill
----------------------  --------  ---------  --------  --------  ----  --------
PAGE 0:
  RAMM0                 00000122   000002de  00000000  000002de  RWIX
  RAMLS0                00008000   00000800  00000128  000006d8  RWIX
  RAMLS1                00008800   00000800  00000000  00000800  RWIX
  RAMLS2                00009000   00000800  00000000  00000800  RWIX
  RAMLS3                00009800   00000800  00000000  00000800  RWIX
  RAMLS4                0000a000   00000800  00000000  00000800  RWIX
  RAMD0                 0000b000   00000800  00000000  00000800  RWIX
  RAMGS14               0001a000   00001000  00000000  00001000  RWIX
  RAMGS15               0001b000   00001000  00000000  00001000  RWIX
  BEGIN                 00080000   00000002  00000002  00000000  RWIX
  FLASHA                00080002   00001ffe  00000000  00001ffe  RWIX
  FLASHB                00082000   00002000  00000bce  00001432  RWIX
  FLASHC                00084000   00002000  00000000  00002000  RWIX
  FLASHD                00086000   00002000  00000128  00001ed8  RWIX
  FLASHE                00088000   00008000  00000000  00008000  RWIX
  FLASHF                00090000   00008000  000002a1  00007d5f  RWIX
  FLASHG                00098000   00008000  00000000  00008000  RWIX
  FLASHH                000a0000   00008000  00000000  00008000  RWIX
  FLASHI                000a8000   00008000  00000000  00008000  RWIX
  FLASHJ                000b0000   00008000  00000000  00008000  RWIX
  FLASHK                000b8000   00002000  00000000  00002000  RWIX
  FLASHL                000ba000   00002000  00000000  00002000  RWIX
  FLASHM                000bc000   00002000  00000000  00002000  RWIX
  FLASHN                000be000   00001ff0  00000000  00001ff0  RWIX
  FLASHN_DO_NOT_USE     000bfff0   00000010  00000000  00000010  RWIX
  RESET                 003fffc0   00000002  00000000  00000002  RWIX

PAGE 1:
  BOOT_RSVD             00000002   00000120  00000000  00000120  RWIX
  RAMM1                 00000400   00000400  00000200  00000200  RWIX
  RAMLS5                0000a800   00000800  00000010  000007f0  RWIX
  RAMD1                 0000b800   00000800  00000000  00000800  RWIX
  RAMGS0                0000c000   00001000  00000000  00001000  RWIX
  RAMGS1                0000d000   00001000  00000000  00001000  RWIX
  RAMGS2                0000e000   00001000  00000000  00001000  RWIX
  RAMGS3                0000f000   00001000  00000000  00001000  RWIX
  RAMGS4                00010000   00001000  00000000  00001000  RWIX
  RAMGS5                00011000   00001000  00000000  00001000  RWIX
  RAMGS6                00012000   00001000  00000000  00001000  RWIX
  RAMGS7                00013000   00001000  00000000  00001000  RWIX
  RAMGS8                00014000   00001000  00000000  00001000  RWIX
  RAMGS9                00015000   00001000  00000000  00001000  RWIX
  RAMGS10               00016000   00001000  00000000  00001000  RWIX
  RAMGS11               00017000   00001000  00000000  00001000  RWIX
  RAMGS12               00018000   00001000  00000000  00001000  RWIX
  RAMGS13               00019000   00001000  00000000  00001000  RWIX
  CPU2TOCPU1RAM         0003f800   00000400  00000000  00000400  RWIX
  CPU1TOCPU2RAM         0003fc00   00000400  00000000  00000400  RWIX


SECTION ALLOCATION MAP

 output                                  attributes/
section   page    origin      length       input sections
--------  ----  ----------  ----------   ----------------
.cinit     0    00082000    00000029     
                  00082000    0000000f     device.obj (.cinit)
                  0008200f    0000000e     rts2800_fpu32.lib : exit.c.obj (.cinit)
                  0008201d    00000005                       : _lock.c.obj (.cinit:__lock)
                  00082022    00000005                       : _lock.c.obj (.cinit:__unlock)
                  00082027    00000002     --HOLE-- [fill = 0]

.pinit     0    00082000    00000000     UNINITIALIZED

codestart 
*          0    00080000    00000002     
                  00080000    00000002     F2837xD_CodeStartBranch.obj (codestart)

.TI.ramfunc 
*          0    00086000    00000128     RUN ADDR = 00008000
                  00086000    00000043     driverlib_coff.lib : flash.obj (.TI.ramfunc:_Flash_initModule)
                  00086043    0000002c                        : flash.obj (.TI.ramfunc:_Flash_setBankPowerMode)
                  0008606f    00000024                        : flash.obj (.TI.ramfunc:_Flash_setWaitstates)
                  00086093    0000001d                        : flash.obj (.TI.ramfunc:_Flash_setPumpPowerMode)
                  000860b0    00000018                        : flash.obj (.TI.ramfunc:_Flash_disableCache)
                  000860c8    00000018                        : flash.obj (.TI.ramfunc:_Flash_disablePrefetch)
                  000860e0    00000017                        : flash.obj (.TI.ramfunc:_Flash_enableCache)
                  000860f7    00000017                        : flash.obj (.TI.ramfunc:_Flash_enablePrefetch)
                  0008610e    00000016                        : flash.obj (.TI.ramfunc:_Flash_enableECC)
                  00086124    00000004                        : sysctl.obj (.TI.ramfunc)

.stack     1    00000400    00000200     UNINITIALIZED
                  00000400    00000200     --HOLE--

.reset     0    003fffc0    00000002     DSECT
                  003fffc0    00000002     rts2800_fpu32.lib : boot28.asm.obj (.reset)

GETBUFFER 
*          0    0003f800    00000000     DSECT

GETWRITEIDX 
*          0    0003f800    00000000     DSECT

PUTREADIDX 
*          0    0003f800    00000000     DSECT

.TI.memcrc 
*          0    00000000    00000066     COPY SECTION
                  00000000    00000066     (.TI.memcrc:_ccs_flash_checksum)

.text      0    0008202c    00000ba5     
                  0008202c    000003d7     device.obj (.text)
                  00082403    00000206     driverlib_coff.lib : sysctl.obj (.text:_SysCtl_setClock)
                  00082609    0000008a                        : sysctl.obj (.text:_SysCtl_selectXTAL)
                  00082693    00000088     rts2800_fpu32.lib : fs_div28.asm.obj (.text)
                  0008271b    00000068     driverlib_coff.lib : sysctl.obj (.text:_SysCtl_getDeviceParametric)
                  00082783    00000056     rts2800_fpu32.lib : boot28.asm.obj (.text)
                  000827d9    00000052     driverlib_coff.lib : gpio.obj (.text:_GPIO_setPadConfig)
                  0008282b    00000048                        : sysctl.obj (.text:_SysCtl_selectOscSource)
                  00082873    00000046     main.obj (.text)
                  000828b9    0000003d     driverlib_coff.lib : interrupt.obj (.text:_Interrupt_initModule)
                  000828f6    00000037                        : gpio.obj (.text:_GPIO_setControllerCore)
                  0008292d    00000037                        : gpio.obj (.text:_GPIO_setPinConfig)
                  00082964    00000037                        : gpio.obj (.text:_GPIO_setQualificationMode)
                  0008299b    00000031                        : gpio.obj (.text:_GPIO_setDirectionMode)
                  000829cc    00000029     rts2800_fpu32.lib : exit.c.obj (.text)
                  000829f5    00000026     driverlib_coff.lib : flash.obj (.text:_Flash_setBankPowerUpDelay)
                  00082a1b    00000024     rts2800_fpu32.lib : cpy_tbl.c.obj (.text)
                  00082a3f    00000021     driverlib_coff.lib : sysctl.obj (.text:_CPUTimer_selectClockSource)
                  00082a60    0000001f                        : sysctl.obj (.text:_CPUTimer_getTimerOverflowStatus)
                  00082a7f    0000001e                        : interrupt.obj (.text:_Interrupt_initVectorTable)
                  00082a9d    0000001d     rts2800_fpu32.lib : memcpy.c.obj (.text)
                  00082aba    0000001a     driverlib_coff.lib : sysctl.obj (.text:_CPUTimer_startTimer)
                  00082ad4    00000017                        : sysctl.obj (.text:_CPUTimer_isBaseValid)
                  00082aeb    00000014                        : sysctl.obj (.text:_CPUTimer_stopTimer)
                  00082aff    00000012                        : sysctl.obj (.text:_CPUTimer_clearOverflowFlag)
                  00082b11    00000012                        : sysctl.obj (.text:_CPUTimer_disableInterrupt)
                  00082b23    00000012     rts2800_fpu32.lib : args_main.c.obj (.text)
                  00082b35    00000011     driverlib_coff.lib : sysctl.obj (.text:_CPUTimer_setPeriod)
                  00082b46    00000010                        : flash.obj (.text:_Flash_isCtrlBaseValid)
                  00082b56    00000010                        : flash.obj (.text:_Flash_isECCBaseValid)
                  00082b66    0000000f                        : sysctl.obj (.text:_SysCtl_pollCpuTimer)
                  00082b75    0000000e                        : gpio.obj (.text:_GPIO_isPinValid)
                  00082b83    0000000e                        : interrupt.obj (.text:_Interrupt_defaultHandler)
                  00082b91    0000000d                        : interrupt.obj (.text:_Interrupt_disableGlobal)
                  00082b9e    0000000b                        : sysctl.obj (.text:_SysCtl_isMCDClockFailureDetected)
                  00082ba9    00000009                        : sysctl.obj (.text:_SysCtl_serviceWatchdog)
                  00082bb2    00000009     rts2800_fpu32.lib : _lock.c.obj (.text)
                  00082bbb    00000008     F2837xD_CodeStartBranch.obj (.text)
                  00082bc3    00000007     driverlib_coff.lib : sysctl.obj (.text:_SysCtl_resetMCD)
                  00082bca    00000002                        : interrupt.obj (.text:_Interrupt_illegalOperationHandler)
                  00082bcc    00000002                        : interrupt.obj (.text:_Interrupt_nmiHandler)
                  00082bce    00000002     rts2800_fpu32.lib : pre_init.c.obj (.text)
                  00082bd0    00000001                       : startup.c.obj (.text)

.econst    0    00090000    000002a1     
                  00090000    000000c2     driverlib_coff.lib : sysctl.obj (.econst:.string)
                  000900c2    000000bf                        : flash.obj (.econst:.string)
                  00090181    00000001     --HOLE-- [fill = 0]
                  00090182    000000bc                        : gpio.obj (.econst:.string)
                  0009023e    00000063                        : interrupt.obj (.econst:.string)

.ebss      1    0000a800    00000010     UNINITIALIZED
                  0000a800    00000006     device.obj (.ebss)
                  0000a806    00000006     rts2800_fpu32.lib : exit.c.obj (.ebss)
                  0000a80c    00000002                       : _lock.c.obj (.ebss:__lock)
                  0000a80e    00000002                       : _lock.c.obj (.ebss:__unlock)

MODULE SUMMARY

       Module                        code   initialized data   uninitialized data
       ------                        ----   ----------------   ------------------
    .\
       main.obj                      70     0                  0                 
    +--+-----------------------------+------+------------------+--------------------+
       Total:                        70     0                  0                 
                                                                                 
    .\Device\
       device.obj                    983    15                 6                 
       F2837xD_CodeStartBranch.obj   10     0                  0                 
    +--+-----------------------------+------+------------------+--------------------+
       Total:                        993    15                 6                 
                                                                                 
    C:\ti\c2000\C2000Ware_5_01_00_00\driverlib\f2837xd\driverlib\ccs\Debug\driverlib_coff.lib
       sysctl.obj                    1068   194                0                 
       flash.obj                     654    191                0                 
       gpio.obj                      310    188                0                 
       interrupt.obj                 122    99                 0                 
    +--+-----------------------------+------+------------------+--------------------+
       Total:                        2154   672                0                 
                                                                                 
    C:\ti\ccs1250\ccs\tools\compiler\ti-cgt-c2000_22.6.1.LTS\lib\rts2800_fpu32.lib
       fs_div28.asm.obj              136    0                  0                 
       boot28.asm.obj                86     0                  0                 
       exit.c.obj                    41     14                 6                 
       cpy_tbl.c.obj                 36     0                  0                 
       memcpy.c.obj                  29     0                  0                 
       _lock.c.obj                   9      10                 4                 
       args_main.c.obj               18     0                  0                 
       pre_init.c.obj                2      0                  0                 
       startup.c.obj                 1      0                  0                 
    +--+-----------------------------+------+------------------+--------------------+
       Total:                        358    24                 10                
                                                                                 
       Stack:                        0      0                  512               
    +--+-----------------------------+------+------------------+--------------------+
       Grand Total:                  3575   711                528               


LINKER GENERATED MEMRANGE CRC TABLES

_ccs_flash_checksum @ 00000000 records: 16, size/record: 6, table size: 102, algorithm=C28_CHECKSUM_16(ID=13), CRC: 0000536d
	BEGIN: page=0, load addr=00080000, size=00000002
	FLASHA: page=0, load addr=00080002, size=00001ffe
	FLASHB: page=0, load addr=00082000, size=00002000
	FLASHC: page=0, load addr=00084000, size=00002000
	FLASHD: page=0, load addr=00086000, size=00002000
	FLASHE: page=0, load addr=00088000, size=00008000
	FLASHF: page=0, load addr=00090000, size=00008000
	FLASHG: page=0, load addr=00098000, size=00008000
	FLASHH: page=0, load addr=000a0000, size=00008000
	FLASHI: page=0, load addr=000a8000, size=00008000
	FLASHJ: page=0, load addr=000b0000, size=00008000
	FLASHK: page=0, load addr=000b8000, size=00002000
	FLASHL: page=0, load addr=000ba000, size=00002000
	FLASHM: page=0, load addr=000bc000, size=00002000
	FLASHN: page=0, load addr=000be000, size=00001ff0
	FLASHN_DO_NOT_USE: page=0, load addr=000bfff0, size=00000010


GLOBAL DATA SYMBOLS: SORTED BY DATA PAGE

address     data page           name
--------    ----------------    ----
00000400      10 (00000400)     __stack

0000a800     2a0 (0000a800)     _Example_Result
0000a802     2a0 (0000a800)     _Example_PassCount
0000a804     2a0 (0000a800)     _Example_Fail
0000a806     2a0 (0000a800)     ___TI_enable_exit_profile_output
0000a808     2a0 (0000a800)     ___TI_cleanup_ptr
0000a80a     2a0 (0000a800)     ___TI_dtors_ptr
0000a80c     2a0 (0000a800)     __lock
0000a80e     2a0 (0000a800)     __unlock


GLOBAL SYMBOLS: SORTED ALPHABETICALLY BY Name 

page  address   name                                      
----  -------   ----                                      
abs   ffffffff  .text                                     
0     000829cc  C$$EXIT                                   
0     00082693  FS$$DIV                                   
0     00082277  _Device_bootCPU2                          
0     00082246  _Device_configureTMXAnalogTrim            
0     000820f4  _Device_enableAllPeripherals              
0     00082230  _Device_enableUnbondedGPIOPullups         
0     00082213  _Device_enableUnbondedGPIOPullupsFor100Pin
0     00082200  _Device_enableUnbondedGPIOPullupsFor176Pin
0     000820c3  _Device_init                              
0     000821df  _Device_initGPIO                          
1     0000a804  _Example_Fail                             
1     0000a802  _Example_PassCount                        
1     0000a800  _Example_Result                           
0     00082402  _Example_done                             
0     000823fd  _Example_setResultFail                    
0     000823f8  _Example_setResultPass                    
0     00008000  _Flash_initModule                         
0     000828f6  _GPIO_setControllerCore                   
0     0008299b  _GPIO_setDirectionMode                    
0     000827d9  _GPIO_setPadConfig                        
0     0008292d  _GPIO_setPinConfig                        
0     00082964  _GPIO_setQualificationMode                
0     000828b9  _Interrupt_initModule                     
0     00082a7f  _Interrupt_initVectorTable                
0     00086128  _RamfuncsLoadEnd                          
abs   00000128  _RamfuncsLoadSize                         
0     00086000  _RamfuncsLoadStart                        
0     00008128  _RamfuncsRunEnd                           
abs   00000128  _RamfuncsRunSize                          
0     00008000  _RamfuncsRunStart                         
0     00008124  _SysCtl_delay                             
0     0008271b  _SysCtl_getDeviceParametric               
0     0008282b  _SysCtl_selectOscSource                   
0     00082609  _SysCtl_selectXTAL                        
0     00082403  _SysCtl_setClock                          
1     00000600  __STACK_END                               
abs   00000200  __STACK_SIZE                              
0     00000000  __TI_MEMRANGE_CRC__ccs_flash_checksum     
1     0000a808  ___TI_cleanup_ptr                         
1     0000a80a  ___TI_dtors_ptr                           
1     0000a806  ___TI_enable_exit_profile_output          
abs   ffffffff  ___TI_pprof_out_hndl                      
abs   ffffffff  ___TI_prof_data_size                      
abs   ffffffff  ___TI_prof_data_start                     
abs   ffffffff  ___binit__                                
abs   ffffffff  ___c_args__                               
0     00082000  ___cinit__                                
0     000823f1  ___error__                                
abs   ffffffff  ___etext__                                
abs   ffffffff  ___pinit__                                
abs   ffffffff  ___text__                                 
0     00082b23  __args_main                               
1     0000a80c  __lock                                    
0     00082bba  __nop                                     
0     00082bb6  __register_lock                           
0     00082bb2  __register_unlock                         
1     00000400  __stack                                   
0     00082bd0  __system_post_cinit                       
0     00082bce  __system_pre_init                         
1     0000a80e  __unlock                                  
0     000829cc  _abort                                    
0     00082783  _c_int00                                  
0     00000000  _ccs_flash_checksum                       
0     00082a1b  _copy_in                                  
0     000829ce  _exit                                     
0     0008288f  _main                                     
0     00082a9d  _memcpy                                   
abs   ffffffff  binit                                     
0     00082000  cinit                                     
0     00080000  code_start                                
abs   ffffffff  etext                                     
abs   ffffffff  pinit                                     


GLOBAL SYMBOLS: SORTED BY Symbol Address 

page  address   name                                      
----  -------   ----                                      
0     00000000  __TI_MEMRANGE_CRC__ccs_flash_checksum     
0     00000000  _ccs_flash_checksum                       
0     00008000  _Flash_initModule                         
0     00008000  _RamfuncsRunStart                         
0     00008124  _SysCtl_delay                             
0     00008128  _RamfuncsRunEnd                           
0     00080000  code_start                                
0     00082000  ___cinit__                                
0     00082000  cinit                                     
0     000820c3  _Device_init                              
0     000820f4  _Device_enableAllPeripherals              
0     000821df  _Device_initGPIO                          
0     00082200  _Device_enableUnbondedGPIOPullupsFor176Pin
0     00082213  _Device_enableUnbondedGPIOPullupsFor100Pin
0     00082230  _Device_enableUnbondedGPIOPullups         
0     00082246  _Device_configureTMXAnalogTrim            
0     00082277  _Device_bootCPU2                          
0     000823f1  ___error__                                
0     000823f8  _Example_setResultPass                    
0     000823fd  _Example_setResultFail                    
0     00082402  _Example_done                             
0     00082403  _SysCtl_setClock                          
0     00082609  _SysCtl_selectXTAL                        
0     00082693  FS$$DIV                                   
0     0008271b  _SysCtl_getDeviceParametric               
0     00082783  _c_int00                                  
0     000827d9  _GPIO_setPadConfig                        
0     0008282b  _SysCtl_selectOscSource                   
0     0008288f  _main                                     
0     000828b9  _Interrupt_initModule                     
0     000828f6  _GPIO_setControllerCore                   
0     0008292d  _GPIO_setPinConfig                        
0     00082964  _GPIO_setQualificationMode                
0     0008299b  _GPIO_setDirectionMode                    
0     000829cc  C$$EXIT                                   
0     000829cc  _abort                                    
0     000829ce  _exit                                     
0     00082a1b  _copy_in                                  
0     00082a7f  _Interrupt_initVectorTable                
0     00082a9d  _memcpy                                   
0     00082b23  __args_main                               
0     00082bb2  __register_unlock                         
0     00082bb6  __register_lock                           
0     00082bba  __nop                                     
0     00082bce  __system_pre_init                         
0     00082bd0  __system_post_cinit                       
0     00086000  _RamfuncsLoadStart                        
0     00086128  _RamfuncsLoadEnd                          
1     00000400  __stack                                   
1     00000600  __STACK_END                               
1     0000a800  _Example_Result                           
1     0000a802  _Example_PassCount                        
1     0000a804  _Example_Fail                             
1     0000a806  ___TI_enable_exit_profile_output          
1     0000a808  ___TI_cleanup_ptr                         
1     0000a80a  ___TI_dtors_ptr                           
1     0000a80c  __lock                                    
1     0000a80e  __unlock                                  
abs   00000128  _RamfuncsLoadSize                         
abs   00000128  _RamfuncsRunSize                          
abs   00000200  __STACK_SIZE                              
abs   ffffffff  .text                                     
abs   ffffffff  ___TI_pprof_out_hndl                      
abs   ffffffff  ___TI_prof_data_size                      
abs   ffffffff  ___TI_prof_data_start                     
abs   ffffffff  ___binit__                                
abs   ffffffff  ___c_args__                               
abs   ffffffff  ___etext__                                
abs   ffffffff  ___pinit__                                
abs   ffffffff  ___text__                                 
abs   ffffffff  binit                                     
abs   ffffffff  etext                                     
abs   ffffffff  pinit                                     

[73 symbols]
